> Task :app:preBuild UP-TO-DATE
> Task :app:preDebugBuild UP-TO-DATE
> Task :app:checkKotlinGradlePluginConfigurationErrors SKIPPED
> Task :core-ai:preBuild UP-TO-DATE
> Task :core-ai:preDebugBuild UP-TO-DATE
> Task :core-ai:writeDebugAarMetadata UP-TO-DATE
> Task :core-data:preBuild UP-TO-DATE
> Task :core-data:preDebugBuild UP-TO-DATE
> Task :core-data:writeDebugAarMetadata UP-TO-DATE
> Task :core-ui:preBuild UP-TO-DATE
> Task :core-ui:preDebugBuild UP-TO-DATE
> Task :core-ui:writeDebugAarMetadata UP-TO-DATE
> Task :feature-dashboard:preBuild UP-TO-DATE
> Task :feature-dashboard:preDebugBuild UP-TO-DATE
> Task :feature-dashboard:writeDebugAarMetadata UP-TO-DATE
> Task :feature-onboarding:preBuild UP-TO-DATE
> Task :feature-onboarding:preDebugBuild UP-TO-DATE
> Task :feature-onboarding:writeDebugAarMetadata UP-TO-DATE
> Task :feature-scanner:preBuild UP-TO-DATE
> Task :feature-scanner:preDebugBuild UP-TO-DATE
> Task :feature-scanner:writeDebugAarMetadata UP-TO-DATE
> Task :feature-trends:preBuild UP-TO-DATE
> Task :feature-trends:preDebugBuild UP-TO-DATE
> Task :feature-trends:writeDebugAarMetadata UP-TO-DATE
> Task :app:checkDebugAarMetadata UP-TO-DATE
> Task :core-ai:processDebugNavigationResources UP-TO-DATE
> Task :core-data:processDebugNavigationResources UP-TO-DATE
> Task :core-ui:processDebugNavigationResources UP-TO-DATE
> Task :feature-dashboard:processDebugNavigationResources UP-TO-DATE
> Task :feature-onboarding:processDebugNavigationResources UP-TO-DATE
> Task :feature-scanner:processDebugNavigationResources UP-TO-DATE
> Task :feature-trends:processDebugNavigationResources UP-TO-DATE
> Task :app:processDebugNavigationResources UP-TO-DATE
> Task :app:compileDebugNavigationResources UP-TO-DATE
> Task :app:generateDebugResValues UP-TO-DATE
> Task :app:injectCrashlyticsMappingFileIdDebug UP-TO-DATE
> Task :app:injectCrashlyticsVersionControlInfoDebug UP-TO-DATE
> Task :app:processDebugGoogleServices UP-TO-DATE
> Task :core-ai:generateDebugResValues UP-TO-DATE
> Task :core-ai:generateDebugResources UP-TO-DATE
> Task :core-ai:packageDebugResources UP-TO-DATE
> Task :core-data:generateDebugResValues UP-TO-DATE
> Task :core-data:generateDebugResources UP-TO-DATE
> Task :core-data:packageDebugResources UP-TO-DATE
> Task :core-ui:generateDebugResValues UP-TO-DATE
> Task :core-ui:generateDebugResources UP-TO-DATE
> Task :core-ui:packageDebugResources UP-TO-DATE
> Task :feature-dashboard:generateDebugResValues UP-TO-DATE
> Task :feature-dashboard:generateDebugResources UP-TO-DATE
> Task :feature-dashboard:packageDebugResources UP-TO-DATE
> Task :feature-onboarding:generateDebugResValues UP-TO-DATE
> Task :feature-onboarding:generateDebugResources UP-TO-DATE
> Task :feature-onboarding:packageDebugResources UP-TO-DATE
> Task :feature-scanner:generateDebugResValues UP-TO-DATE
> Task :feature-scanner:generateDebugResources UP-TO-DATE
> Task :feature-scanner:packageDebugResources UP-TO-DATE
> Task :feature-trends:generateDebugResValues UP-TO-DATE
> Task :feature-trends:generateDebugResources UP-TO-DATE
> Task :feature-trends:packageDebugResources UP-TO-DATE
> Task :app:mapDebugSourceSetPaths UP-TO-DATE
> Task :app:generateDebugResources UP-TO-DATE
> Task :app:mergeDebugResources UP-TO-DATE
> Task :app:packageDebugResources UP-TO-DATE
> Task :app:parseDebugLocalResources UP-TO-DATE
> Task :app:createDebugCompatibleScreenManifests UP-TO-DATE
> Task :app:extractDeepLinksDebug UP-TO-DATE
> Task :core-ai:extractDeepLinksDebug UP-TO-DATE
> Task :core-ai:processDebugManifest UP-TO-DATE
> Task :core-data:extractDeepLinksDebug UP-TO-DATE
> Task :core-data:processDebugManifest UP-TO-DATE
> Task :core-ui:extractDeepLinksDebug UP-TO-DATE
> Task :core-ui:processDebugManifest UP-TO-DATE
> Task :feature-dashboard:extractDeepLinksDebug UP-TO-DATE
> Task :feature-dashboard:processDebugManifest UP-TO-DATE
> Task :feature-onboarding:extractDeepLinksDebug UP-TO-DATE
> Task :feature-onboarding:processDebugManifest UP-TO-DATE
> Task :feature-scanner:extractDeepLinksDebug UP-TO-DATE
> Task :feature-scanner:processDebugManifest UP-TO-DATE
> Task :feature-trends:extractDeepLinksDebug UP-TO-DATE
> Task :feature-trends:processDebugManifest UP-TO-DATE
> Task :app:processDebugMainManifest UP-TO-DATE
> Task :app:processDebugManifest UP-TO-DATE
> Task :app:processDebugManifestForPackage UP-TO-DATE
> Task :core-ai:compileDebugLibraryResources UP-TO-DATE
> Task :core-ai:parseDebugLocalResources UP-TO-DATE
> Task :core-ai:generateDebugRFile UP-TO-DATE
> Task :core-data:compileDebugLibraryResources UP-TO-DATE
> Task :core-data:parseDebugLocalResources UP-TO-DATE
> Task :core-data:generateDebugRFile UP-TO-DATE
> Task :core-ui:compileDebugLibraryResources UP-TO-DATE
> Task :core-ui:parseDebugLocalResources UP-TO-DATE
> Task :core-ui:generateDebugRFile UP-TO-DATE
> Task :feature-dashboard:compileDebugLibraryResources UP-TO-DATE
> Task :feature-dashboard:parseDebugLocalResources UP-TO-DATE
> Task :feature-dashboard:generateDebugRFile UP-TO-DATE
> Task :feature-onboarding:compileDebugLibraryResources UP-TO-DATE
> Task :feature-onboarding:parseDebugLocalResources UP-TO-DATE
> Task :feature-onboarding:generateDebugRFile UP-TO-DATE
> Task :feature-scanner:compileDebugLibraryResources UP-TO-DATE
> Task :feature-scanner:parseDebugLocalResources UP-TO-DATE
> Task :feature-scanner:generateDebugRFile UP-TO-DATE
> Task :feature-trends:compileDebugLibraryResources UP-TO-DATE
> Task :feature-trends:parseDebugLocalResources UP-TO-DATE
> Task :feature-trends:generateDebugRFile UP-TO-DATE
> Task :app:processDebugResources UP-TO-DATE
> Task :core-ai:checkKotlinGradlePluginConfigurationErrors SKIPPED
> Task :core-ai:kspDebugKotlin UP-TO-DATE
> Task :core-ai:compileDebugKotlin UP-TO-DATE
> Task :core-ai:javaPreCompileDebug UP-TO-DATE
> Task :core-ai:compileDebugJavaWithJavac UP-TO-DATE
> Task :core-ai:transformDebugClassesWithAsm UP-TO-DATE
> Task :core-ai:bundleLibCompileToJarDebug UP-TO-DATE
> Task :core-data:checkKotlinGradlePluginConfigurationErrors SKIPPED
> Task :core-data:kspDebugKotlin UP-TO-DATE
> Task :core-data:compileDebugKotlin UP-TO-DATE
> Task :core-data:javaPreCompileDebug UP-TO-DATE
> Task :core-data:compileDebugJavaWithJavac UP-TO-DATE
> Task :core-data:transformDebugClassesWithAsm UP-TO-DATE
> Task :core-data:bundleLibCompileToJarDebug UP-TO-DATE
> Task :core-ui:checkKotlinGradlePluginConfigurationErrors SKIPPED
> Task :core-ui:javaPreCompileDebug UP-TO-DATE
> Task :core-ai:bundleLibRuntimeToJarDebug UP-TO-DATE
> Task :core-data:bundleLibRuntimeToJarDebug UP-TO-DATE
> Task :feature-dashboard:checkKotlinGradlePluginConfigurationErrors SKIPPED
> Task :feature-onboarding:checkKotlinGradlePluginConfigurationErrors SKIPPED
> Task :feature-onboarding:javaPreCompileDebug UP-TO-DATE
> Task :feature-dashboard:javaPreCompileDebug UP-TO-DATE
> Task :feature-scanner:checkKotlinGradlePluginConfigurationErrors SKIPPED
> Task :feature-scanner:javaPreCompileDebug UP-TO-DATE
> Task :feature-trends:checkKotlinGradlePluginConfigurationErrors SKIPPED
> Task :feature-trends:javaPreCompileDebug UP-TO-DATE
> Task :app:javaPreCompileDebug UP-TO-DATE
> Task :app:preDebugUnitTestBuild UP-TO-DATE
> Task :core-ai:processDebugJavaRes UP-TO-DATE
> Task :core-data:processDebugJavaRes UP-TO-DATE
> Task :core-ai:preDebugUnitTestBuild UP-TO-DATE
> Task :app:javaPreCompileDebugUnitTest
> Task :core-ui:compileDebugKotlin
> Task :core-ui:compileDebugJavaWithJavac NO-SOURCE
> Task :core-ui:processDebugJavaRes
> Task :core-ai:javaPreCompileDebugUnitTest
> Task :core-data:preDebugUnitTestBuild UP-TO-DATE
> Task :core-ui:bundleLibRuntimeToJarDebug
> Task :core-ui:bundleLibCompileToJarDebug
> Task :core-ai:generateDebugUnitTestStubRFile
> Task :core-data:generateDebugUnitTestStubRFile
> Task :core-ai:kspDebugUnitTestKotlin NO-SOURCE
> Task :core-ai:compileDebugUnitTestKotlin NO-SOURCE
> Task :core-ai:compileDebugUnitTestJavaWithJavac NO-SOURCE
> Task :feature-scanner:kspDebugKotlin
> Task :feature-trends:kspDebugKotlin
> Task :feature-onboarding:kspDebugKotlin
> Task :core-ai:hiltAggregateDepsDebugUnitTest
> Task :core-ai:hiltJavaCompileDebugUnitTest NO-SOURCE
> Task :core-ai:processDebugUnitTestJavaRes NO-SOURCE
> Task :feature-trends:compileDebugKotlin
> Task :feature-scanner:compileDebugKotlin
> Task :core-ai:transformDebugUnitTestClassesWithAsm
> Task :feature-trends:compileDebugJavaWithJavac
> Task :feature-scanner:compileDebugJavaWithJavac
> Task :feature-scanner:processDebugJavaRes
> Task :feature-trends:processDebugJavaRes
> Task :core-ai:testDebugUnitTest NO-SOURCE

> Task :feature-onboarding:compileDebugKotlin
./gradlew : e: file:///C:/Users/isaac/AndroidStudioProjects/CalView/feature-onboarding/src/main/java/com/example/calvie
w/feature/onboarding/GoalPreferencesScreen.kt:264:30 Unresolved reference 'semantics'.
At line:1 char:65
+ ... tudio\jbr"; ./gradlew testDebugUnitTest --no-configuration-cache > te ...
+                 ~~~~~~~~~~~~~~~~~~~~~~~~~~~~~~~~~~~~~~~~~~~~~~~~~~~~~~~~~
    + CategoryInfo          : NotSpecified: (e: file:///C:/U...ce 'semantics'.:String) [], RemoteException
    + FullyQualifiedErrorId : NativeCommandError
 
e: file:///C:/Users/isaac/AndroidStudioProjects/CalView/feature-onboarding/src/main/java/com/example/calview/feature/on
boarding/GoalPreferencesScreen.kt:264:42 Unresolved reference 'contentDescription'.
e: file:///C:/Users/isaac/AndroidStudioProjects/CalView/feature-onboarding/src/main/java/com/example/calview/feature/on
boarding/GoalPreferencesScreen.kt:311:30 Unresolved reference 'semantics'.
e: file:///C:/Users/isaac/AndroidStudioProjects/CalView/feature-onboarding/src/main/java/com/example/calview/feature/on
boarding/GoalPreferencesScreen.kt:311:42 Unresolved reference 'contentDescription'.

> Task :feature-onboarding:compileDebugKotlin FAILED
> Task :feature-trends:transformDebugClassesWithAsm
> Task :feature-scanner:transformDebugClassesWithAsm
> Task :core-data:kspDebugUnitTestKotlin

FAILURE: Build failed with an exception.

* What went wrong:
Execution failed for task ':feature-onboarding:compileDebugKotlin'.
> A failure occurred while executing 
org.jetbrains.kotlin.compilerRunner.GradleCompilerRunnerWithWorkers$GradleKotlinCompilerWorkAction
   > Compilation error. See log for more details

* Try:
> Run with --stacktrace option to get the stack trace.
> Run with --info or --debug option to get more log output.
> Run with --scan to get full insights.
> Get more help at https://help.gradle.org.

BUILD FAILED in 1m 46s
133 actionable tasks: 23 executed, 110 up-to-date
